<!DOCTYPE html>
<html lang="en">
<head>
    <title></title>

</head>
<body>
    <p><a href="/page.html">Page 1</a></p>
</body>
</html>
