<div class="section" id="document">
    <h1>
        Document
    </h1>
</div>
