<!DOCTYPE html>
<html lang="en">
<head>
    <title>Markdown with linked images - Project Title</title>

</head>
<body>
    <h1>Markdown with linked images</h1>

<p><a href="https://github.com/AOEpeople/TYPO3-Feature-Flag/actions"><img src="https://github.com/AOEpeople/TYPO3-Feature-Flag/actions"/></a><a href="https://scrutinizer-ci.com/g/AOEpeople/TYPO3-Feature-Flag/?branch=main"><img src="https://scrutinizer-ci.com/g/AOEpeople/TYPO3-Feature-Flag/?branch=main"/></a><a href="https://scrutinizer-ci.com/g/AOEpeople/TYPO3-Feature-Flag/?branch=main"><img src="https://scrutinizer-ci.com/g/AOEpeople/TYPO3-Feature-Flag/?branch=main"/></a></p>
</body>
</html>
