<!DOCTYPE html>
<html lang="en">
<head>
    <title>Test</title>

</head>
<body>
    <div class="section" id="test">
    <h1>Test</h1>

            .. some-unknown-directive:: with Content

<p>And sub-content.</p>
    </div>

</body>
</html>
