<!DOCTYPE html>
<html lang="en">
<head>
    <title>Csv table</title>

</head>
<body>
<div class="section" id="csv-table">
    <h1>Csv table</h1>

    <table>
        <thead>
        <tr>
            <th>col 1</th>
            <th>col 2</th>
        </tr>
        </thead>

        <tbody>
        <tr>
            <td>a</td>
            <td>b</td>
        </tr>
        <tr>
            <td>c</td>
            <td>d</td>
        </tr>
        </tbody>
    </table>

    <p>test</p>
</div>

</body>
</html>
