<!DOCTYPE html>
<html lang="en">
<head>
    <title>Directive tests</title>

</head>
<body>
    <div class="section" id="directive-tests">
    <h1>Directive tests</h1>

                <div class="someclass"><p>Lorem Ipsum Dolor</p></div>

    </div>

</body>
</html>
