<!DOCTYPE html>
<html lang="en">
<head>
    <title>Project Title</title>

</head>
<body>
    <h1>Markdown Example</h1>
    <p>This is a Markdown document with some basic formatting.</p>

<h2>Headings</h2>

    <p>You can create headings using hash symbols.</p>

</body>
</html>
