<!DOCTYPE html>
<html lang="en">
<head>
    <title>Root</title>

</head>
<body>
    <div class="section" id="root">
    <h1>Root</h1>

    </div>

</body>
</html>
