<!DOCTYPE html>
<html lang="en">
<head>
    <title>Document Title</title>

</head>
<body>
    <div class="section" id="document-title">
    <h1>Document Title</h1>

            <p>This is an empty list</p>
            

<ul>
    <li></li>

</ul>

            <p>This list has an empty point:</p>
            

<ul>
    <li>Something</li>

    <li></li>

</ul>

    </div>

</body>
</html>
