<!DOCTYPE html>
<html lang="en">
<head>
    <title>Overview</title>
</head>

<body>
<div class="section" id="overview">
    <h1>Overview</h1>
    <a id="rst-overview"></a>
    <p>RST Overview content</p>
</div>
<div class="section" id="overview">
    <h1>Overview</h1>
    <a id="sphinx-overview"></a>
    <p>Sphinx Overview content</p>
    <div class="section" id="somewhere-else">
        <h2>Somewhere else</h2>
        <p>This is a link to the RST Overview: <a href="/index.html#rst-overview">Overview</a></p>
        <p>This is a link to the Sphinx Overview: <a href="/index.html#sphinx-overview">Overview</a></p>
    </div>
</div>

</body>
</html>
