<!DOCTYPE html>
<html lang="en">
<head>
    <title>Document Title</title>

</head>
<body>
    <div class="section" id="document-title">
    <h1>Document Title</h1>

            <p>Lorem ipsum <sup>[UnkownCitation]</sup> dolor sit amet.</p>
    </div>

</body>
</html>
