<!DOCTYPE html>
<html lang="en">
<head>
    <title></title>


</head>
<body>
    <p>A page without title that is marked as <code>orphan</code> does not cause warnings.</p>
</body>
</html>
