<!DOCTYPE html>
<html lang="en">
<head>
    <title>Some file</title>

</head>
<body>
    <div class="section" id="some-file">
    <h1>Some file</h1>

            <p><a href="mailto:git@github.com">link to email</a></p>
    </div>

</body>
</html>
