<!DOCTYPE html>
<html lang="en">
<head>
    <title>Document Title</title>

</head>
<body>
    <div class="section" id="document-title">
    <h1>Document Title</h1>

            <p>Lorem Ipsum Dolor.</p>
            <pre><code class="language-php">$some = &#039;PHP code&#039;;</code></pre>
    </div>

</body>
</html>
