<!DOCTYPE html>
<html lang="en">
<head>
    <title>Markdown with inline Code - Project Title</title>

</head>
<body>
    <h1>Markdown with inline Code</h1>

<p>Lorem Ipsum Dolor: <code>$dolor</code>...</p>
</body>
</html>
