<!DOCTYPE html>
<html lang="en">
<head>
    <title>Some file</title>

</head>
<body>
    <div class="section" id="some-file">
    <h1>Some file</h1>

            

<ul>
    <li><a href="#">link to myself</a></li>

    <li><a href="#abc">link to some anchor</a></li>

</ul>

    </div>

</body>
</html>
