<!DOCTYPE html>
<html lang="en">
<head>
    <title>Some Document - My Project</title>

</head>
<body>
    <div class="section" id="some-document">
    <h1>Some Document</h1>

            <p>Project My Project
 in version 3.14
</p>
    </div>

</body>
</html>
