<!DOCTYPE html>
<html lang="en">
<head>
    <title>Markdown Image - Project Title</title>

</head>
<body>
    <h1>Markdown Image</h1>

<p><img src="hero-illustration.svg" alt="Hero Illustrations"/></p>
</body>
</html>
