<!DOCTYPE html>
<html lang="en">
<head>
    <title>Some Title</title>

</head>
<body>
    <div class="section" id="some-title">
    <h1>Some Title</h1>

            <p>An example of using <span class="custom">interpreted text</span></p>
            <p><em class="custom">text</em></p>
            <p><code class="raw raw-role">raw text</code></p>
            <p><span class="special">interpreted text</span></p>
    </div>

</body>
</html>
