<!DOCTYPE html>
<html lang="en">
<head>
    <title>Some File</title>

</head>
<body>
    <div class="section" id="some-file">
    <h1>Some File</h1>

            <p>The <code>default</code> role is applied by the standard, changes from another document are not applied.</p>
    </div>

</body>
</html>
