<!DOCTYPE html>
<html lang="en">
<head>
    <title>Document title</title>

</head>
<body>
    <div class="section" id="document-title">
    <h1>Document title</h1>

            <div class="admonition note highlights">
        <p>A Note with a class</p>
</div>

            <div class="admonition note class2 class1">
        <p>A Note with a class</p>
</div>

            <pre class="classinoption"><code class="language-php">&lt;?php

echo &#039;Hi&#039;;</code></pre>
            <pre class="classindirective"><code class="language-php">&lt;?php

echo &#039;Hi&#039;;</code></pre>
    </div>

</body>
</html>
