<!DOCTYPE html>
<html lang="en">
<head>
    <title>Page 1</title>

</head>
<body>
    <div class="section" id="page-1">
    <h1>Page 1</h1>

            <p>This is page 1</p>
            <div class="section" id="overview">
    <h2>Overview</h2>

            <p>This is some subsection</p>
    </div>

    </div>

</body>
</html>
