<!DOCTYPE html>
<html lang="en">
<head>
    <title>Some table with long lines</title>

</head>
<body>
    <div class="section" id="some-table-with-long-lines">
    <h1>Some table with long lines</h1>

            <table>
            <thead>
                            <tr>
                                            <th>Project</th>
                                            <th>Links</th>
                                    </tr>
                    </thead>
    
    <tbody>
                    <tr>
                                <td>TSconfig Reference (full)</td>
                                <td>|unkown| and another reStructuredText variable</td>
                            </tr>
            </tbody>
</table>

    </div>

</body>
</html>
