<!DOCTYPE html>
<html lang="en">
<head>
<title>Title from directive</title>
</head>
<body>
    <div class="section" id="document-title">
    <h1>Document Title</h1>
        <p>Lorem Ipsum Dolor.</p>
    </div>
</body>
</html>
