<!DOCTYPE html>
<html lang="en">
<head>
    <title>Markdown with html - Project Title</title>

</head>
<body>
    <h1>Markdown with html</h1>

    <p>In files of text, where words take flight,
    Markdown weaves its magic, bold and bright.
    Hashes and stars, a simple code,
    A poet's playground, where stories unfold.</p>
</body>
</html>
