<!DOCTYPE html>
<html lang="en">
<head>
    <title>Images with and without alt text - Project Title</title>

</head>
<body>
    <h1>Images with and without alt text</h1>

<p><img src="https://example.org/example.png" alt="with alt Text"/></p>
<p><img src="https://example.org/example2.png" alt=""/></p>
</body>
</html>
