<!DOCTYPE html>
<html class="no-js" lang="en">
<head>
    <title>Document Title</title>
    <!-- Required meta tags -->
    <meta charset="utf-8">
    <meta name="viewport" content="width=device-width, initial-scale=1">
        
    <link href="https://cdn.jsdelivr.net/npm/bootstrap@5.0.2/dist/css/bootstrap.min.css" rel="stylesheet" integrity="sha384-EVSTQN3/azprG1Anm3QDgpJLIm9Nao0Yz1ztcQTwFspd3yD65VohhpuuCOmLASjC" crossorigin="anonymous">
</head>
<body>
<header class="">
        
<nav class="navbar navbar-expand-lg navbar-dark bg-primary">
    <div class="container">

        <a class="navbar-brand" href="#">Navbar</a>
        <button class="navbar-toggler" type="button" data-bs-toggle="collapse" data-bs-target="#navbarSupportedContent" aria-controls="navbarSupportedContent" aria-expanded="false" aria-label="Toggle navigation">
            <span class="navbar-toggler-icon"></span>
        </button>
        <div class="collapse navbar-collapse" id="navbarSupportedContent">

                            

                    </div>
    </div>
</nav>
</header>
<main id="main-content">
    <div class="container">
        <div class="container">
            <div class="row">
                <div class="col-lg-3">
                            

                </div>
                <div class="col-lg-9">
                        
<nav aria-label="breadcrumb">
    <ol class="breadcrumb">
        <li class="breadcrumb-item"><a href="/index.html">Document Title</a></li>
            </ol>
</nav>

                        <div class="section" id="document-title">
    <h1>Document Title</h1>

            <div class="tabs-container ">
    <ul class="nav nav-tabs" id="my-tab" role="tablist">
        <li class="nav-item" role="presentation">
    <button class="nav-link active" id="tab-1-tab" data-bs-toggle="tab" data-bs-target="#tab-1-tab-pane"
            type="button" role="tab" aria-controls="tab-1-tab-pane"
            aria-selected="true">Tab 1</button>
</li>
<li class="nav-item" role="presentation">
    <button class="nav-link" id="tab-2-tab" data-bs-toggle="tab" data-bs-target="#tab-2-tab-pane"
            type="button" role="tab" aria-controls="tab-2-tab-pane"
            aria-selected="false">Tab 2</button>
</li>
    </ul>
    <div class="tab-content" id="my-tab-content">
        <div class="tab-pane fade show active" id="tab-1-tab-pane" role="tabpanel" aria-labelledby="tab-1-tab" tabindex="0">
    <p>Lorem Ipsum Dolor 1</p>
</div>
<div class="tab-pane fade" id="tab-2-tab-pane" role="tabpanel" aria-labelledby="tab-2-tab" tabindex="0">
    <p>Lorem Ipsum Dolor 2</p>
</div>
    </div>
</div>

            <div class="tabs-container ">
    <ul class="nav nav-tabs" id="another-tab" role="tablist">
        <li class="nav-item" role="presentation">
    <button class="nav-link" id="tab-3-tab" data-bs-toggle="tab" data-bs-target="#tab-3-tab-pane"
            type="button" role="tab" aria-controls="tab-3-tab-pane"
            aria-selected="false">Tab 3</button>
</li>
<li class="nav-item" role="presentation">
    <button class="nav-link active" id="lorem-tab" data-bs-toggle="tab" data-bs-target="#lorem-tab-pane"
            type="button" role="tab" aria-controls="lorem-tab-pane"
            aria-selected="true">Tab 4</button>
</li>
    </ul>
    <div class="tab-content" id="another-tab-content">
        <div class="tab-pane fade" id="tab-3-tab-pane" role="tabpanel" aria-labelledby="tab-3-tab" tabindex="0">
    <p>Lorem Ipsum Dolor 3</p>
</div>
<div class="tab-pane fade show active" id="lorem-tab-pane" role="tabpanel" aria-labelledby="lorem-tab" tabindex="0">
    <p>Lorem Ipsum Dolor 4</p>
</div>
    </div>
</div>

    </div>

                </div>
            </div>
        </div>
    </div>
</main>
        
<!-- Optional JavaScript; choose one of the two! -->

<!-- Option 1: Bootstrap Bundle with Popper -->
<script src="https://cdn.jsdelivr.net/npm/bootstrap@5.0.2/dist/js/bootstrap.bundle.min.js" integrity="sha384-MrcW6ZMFYlzcLA8Nl+NtUVF0sA7MsXsP1UyJoMp4YLEuNSfAP+JcXn/tWtIaxVXM" crossorigin="anonymous"></script>

<!-- Option 2: Separate Popper and Bootstrap JS -->
<!--
<script src="https://cdn.jsdelivr.net/npm/@popperjs/core@2.9.2/dist/umd/popper.min.js" integrity="sha384-IQsoLXl5PILFhosVNubq5LC7Qb9DXgDA9i+tQ8Zj3iwWAwPtgFTxbJ8NT4GN1R8p" crossorigin="anonymous"></script>
<script src="https://cdn.jsdelivr.net/npm/bootstrap@5.0.2/dist/js/bootstrap.min.js" integrity="sha384-cVKIPhGWiC2Al4u+LWgxfKTRIcfu0JTxR+EQDz/bgldoEyl4H0zUF0QKbrJ0EcQF" crossorigin="anonymous"></script>
-->
</body>
</html>
