<!DOCTYPE html>
<html lang="en">
<head>
    <title>Code Block</title>

</head>
<body>
    <div class="section" id="code-block">
    <h1>Code Block</h1>

            <pre><code class="language-">Test code block with whitespace.
Some more code</code></pre>
    </div>

</body>
</html>
