<!DOCTYPE html>
<html lang="en">
<head>
    <title>Markdown with links - Project Title</title>

</head>
<body>
    <h1>Markdown with links</h1>

<p>This is a Markdown document with some basic formatting.</p>
<p>See also: <a href="https://www.example.com">Link Text</a></p>
</body>
</html>
