<!DOCTYPE html>
<html lang="en">
<head>
    <title>Directive tests</title>

</head>
<body>
    <div class="section" id="directive-tests">
    <h1>Directive tests</h1>

            
<div class="topic someclass">
    <p class="topic-title">This is the <strong>topic</strong></p>
    <p>Lorem Ipsum Dolor</p><div class="rubric">Some Rubric</div>
<p>Dolor sit!</p>
</div>

    </div>

</body>
</html>
