<!DOCTYPE html>
<html lang="en">
<head>
    <title>Some Document</title>

</head>
<body>
<div class="section" id="some-document">
    <h1>Some Document</h1>

    <p>Testing separator</p>
    <hr />

    <p>Hey!</p>
</div>

</body>
</html>
