<!DOCTYPE html>
<html lang="en">
<head>
    <title>Title - Project Title</title>

</head>
<body>
    <div class="section" id="title">
        <h1>Title</h1>

        <p>Lorem Ipsum Dolor.</p>
    </div>

</body>
</html>
