<!DOCTYPE html>
<html lang="en">
<head>
    <title>Markdown with html - Project Title</title>

</head>
<body>
    <h1>Markdown with html</h1>

<p>In files of text, where words take flight,Markdown weaves its magic, bold and bright.Hashes and stars, a simple code,A poet&#039;s playground, where stories unfold. &lt;BR&gt;</p>
</body>
</html>
