<!DOCTYPE html>
<html lang="en">
<head>
    <title>Document Title - My Project</title>
<meta name="robots" content="noindex">

    <meta name="description" content="Lorem ipsum dolor sit amet, consetetur sadipscing elitr, sed diam nonumy eirmod tempor invidunt
ut labore et dolore magna aliquyam erat, sed diam voluptua." />
<meta name="author" content="Contributors" />

<meta name="copyright" content="MIT" />



</head>
<body>
    <div class="section" id="document-title">
    <h1>Document Title</h1>

            <p>Lorem Ipsum Dolor.</p>
    </div>

</body>
</html>
