<!DOCTYPE html>
<html lang="en">
<head>
    <title>Markdown with emphasis - Project Title</title>

</head>
<body>
    <h1>Markdown with emphasis</h1>

<p><em>Italic</em> or <em>Italic</em><strong>Bold</strong> or <strong>Bold</strong></p>
</body>
</html>
