<!DOCTYPE html>
<html lang="en">
<head>
    <title>Test</title>

</head>
<body>
    <div class="section" id="test">
    <h1>Test</h1>

            

<ul>
    <li>Lorem:  <code>Ipsum</code></li>

    <li>Dolor:  <code>git@github.com</code></li>

    <li>URL of fork:  <code>git@github.com:&lt;your username&gt;/TYPO3CMS-Guide-HowToDocument.git</code></li>

    <li>original URL: <code>git@github.com:TYPO3-Documentation/TYPO3CMS-Guide-HowToDocument.git</code></li>

</ul>

    </div>

</body>
</html>
