<!DOCTYPE html>
<html lang="en">
<head>
    <title>Subfolder index</title>

</head>
<body>
    <div class="section" id="subfolder-index">
    <h1>Subfolder index</h1>

            <p><a href="/index.html">Root</a></p>
    </div>

</body>
</html>
