<!DOCTYPE html>
<html lang="en">
<head>
    <title>Markdown with Code Blocks - Project Title</title>

</head>
<body>
    <h1>Markdown with Code Blocks</h1>

<pre><code class="language-">&lt;html&gt;
  &lt;head&gt;
  &lt;/head&gt;
&lt;/html&gt;
</code></pre>
<h2>Fenced Code Blocks</h2>

<pre><code class="language-">{
  &quot;firstName&quot;: &quot;John&quot;,
  &quot;lastName&quot;: &quot;Smith&quot;,
  &quot;age&quot;: 25
}
</code></pre>
<h2>Fenced Code Block with caption</h2>

<pre><code class="language-">procedure startSwinging(swing, child)
   while child.isComfortable()
       swing.giveGentlePush()
       waitForNextIteration()
   end while
end procedure
</code></pre>
</body>
</html>
