<!DOCTYPE html>
<html lang="en">
<head>
    <title>Csv table with content</title>

</head>
<body>
    <div class="section" id="csv-table-with-content">
    <h1>Csv table with content</h1>

            <table>
            <thead>
                            <tr>
                                            <th>Header 1</th>
                                            <th>Header 2</th>
                                    </tr>
                    </thead>
    
    <tbody>
                    <tr>
                                <td>1</td>
                                <td>one</td>
                            </tr>
                    <tr>
                                <td>2</td>
                                <td>two</td>
                            </tr>
            </tbody>
</table>

    </div>

</body>
</html>
