<!DOCTYPE html>
<html lang="en">
<head>
    <title>Document Title - My Project</title>

</head>
<body>
    <div class="section" id="document-title">
    <h1>Document Title</h1>

            <p>Lorem Ipsum Dolor.</p>
            <p>See the <a href="https://docs.typo3.org/Index.html#start">TYPO3 documentation</a></p>
    </div>

</body>
</html>
