<!DOCTYPE html>
<html lang="en">
<head>
    <title>A Page - My Project</title>

</head>
<body>
    <div class="section" id="a-page">
    <h1>A Page</h1>

            <p>Lorem Ipsum Dolor.</p>
    </div>

</body>
</html>
