<!DOCTYPE html>
<html lang="en">
<head>
    <title>Document Title - My Project</title>

</head>
<body>
    <div class="section" id="document-title">
    <h1>Document Title</h1>

            <p>Lorem Ipsum Dolor.</p>
    </div>

</body>
</html>
